d:\download\oop\project\braking-bad\game_crossing\x64\debug\vc143.pdb
d:\download\oop\project\braking-bad\game_crossing\x64\debug\vc143.idb
d:\download\oop\project\braking-bad\game_crossing\x64\debug\game_crossing.obj
d:\download\oop\project\braking-bad\game_crossing\x64\debug\progressstore.obj
d:\download\oop\project\braking-bad\game_crossing\x64\debug\settingsstore.obj
d:\download\oop\project\braking-bad\game_crossing\x64\debug\rankingstore.obj
d:\download\oop\project\braking-bad\game_crossing\x64\debug\savestore.obj
d:\download\oop\project\braking-bad\game_crossing\x64\debug\uimanager.obj
d:\download\oop\project\braking-bad\game_crossing\x64\debug\endlessmap.obj
d:\download\oop\project\braking-bad\game_crossing\x64\debug\characterrenderer.obj
d:\download\oop\project\braking-bad\game_crossing\x64\debug\button.obj
d:\download\oop\project\braking-bad\game_crossing\x64\debug\cgameobstacle.obj
d:\download\oop\project\braking-bad\game_crossing\x64\debug\cgameobject.obj
d:\download\oop\project\braking-bad\x64\debug\game_crossing.exe
d:\download\oop\project\braking-bad\x64\debug\game_crossing.pdb
d:\download\oop\project\braking-bad\game_crossing\x64\debug\game_crossing.ilk
d:\download\oop\project\braking-bad\game_crossing\x64\debug\game_crossing.tlog\cl.command.1.tlog
d:\download\oop\project\braking-bad\game_crossing\x64\debug\game_crossing.tlog\cl.items.tlog
d:\download\oop\project\braking-bad\game_crossing\x64\debug\game_crossing.tlog\cl.read.1.tlog
d:\download\oop\project\braking-bad\game_crossing\x64\debug\game_crossing.tlog\cl.write.1.tlog
d:\download\oop\project\braking-bad\game_crossing\x64\debug\game_crossing.tlog\link.command.1.tlog
d:\download\oop\project\braking-bad\game_crossing\x64\debug\game_crossing.tlog\link.read.1.tlog
d:\download\oop\project\braking-bad\game_crossing\x64\debug\game_crossing.tlog\link.secondary.1.tlog
d:\download\oop\project\braking-bad\game_crossing\x64\debug\game_crossing.tlog\link.write.1.tlog
